// Jest Snapshot v1, https://goo.gl/fbAQLP

exports[`EmbedPodigeeConsent component should render the placeholder by default 1`] = `
<div
  class="embed-placeholder__container"
  data-vendor-id="5e717ad49a0b5040d5750815"
>
  <div
    class="embed-placeholder__header"
  >
    <svg
      fill="none"
      height="80"
      viewBox="0 0 80 80"
      width="80"
      xmlns="http://www.w3.org/2000/svg"
    >
      <path
        d="M30.814 16.9352C28.1511 15.2406 24.6665 17.1535 24.6665 20.3099V59.6898C24.6665 62.8462 28.1511 64.759 30.814 63.0645L61.7554 43.3745C64.2254 41.8027 64.2254 38.197 61.7554 36.6252L30.814 16.9352Z"
        stroke="#CED4DA"
        stroke-width="4"
      />
    </svg>
  </div>
   
  <div
    class="embed-placeholder__headline"
  >
     An dieser Stelle findest du Inhalte aus Podigee 
  </div>
   
  <div
    class="embed-placeholder__description"
  >
    
    Um mit Inhalten aus Podigee und anderen externen Inhalten zu interagieren oder diese darzustellen, brauchen wir
    deine Zustimmung.
  
  </div>
   
  <button
    class="embed-placeholder__button"
  >
     externen Inhalt aktivieren 
  </button>
   
  <div
    class="embed-placeholder__footer-text"
  >
    
        Ich bin damit einverstanden, dass mir Inhalte von Drittanbietern angezeigt werden. Damit können
        personenbezogene Daten an Drittanbieter übermittelt werden. Dazu ist ggf. die Speicherung von Cookies auf
        deinem Gerät notwendig. Mehr Informationen dazu findest du
        
    <a
      class="embed-placeholder__text-link"
      href="#"
      rel="noopener noreferrer"
      target="_blank"
    >
      hier
    </a>
    .
      
  </div>
</div>
`;
