// Jest Snapshot v1, https://goo.gl/fbAQLP

exports[`src/index should export expected modules 1`] = `
Array [
  "getScriptSrcFromOembedHTML",
  "loadScript",
  "getTCData",
  "addEventListener",
  "removeEventListener",
  "ping",
  "VENDOR_NAME_FACEBOOK",
  "VENDOR_ID_FACEBOOK",
  "VENDOR_NAME_TWITTER",
  "VENDOR_ID_TWITTER",
  "VENDOR_NAME_INSTAGRAM",
  "VENDOR_ID_INSTAGRAM",
  "VENDOR_NAME_YOUTUBE",
  "VENDOR_ID_YOUTUBE",
  "VENDOR_NAME_SOUNDCLOUD",
  "VENDOR_ID_SOUNDCLOUD",
  "VENDOR_NAME_REDDIT",
  "VENDOR_ID_REDDIT",
  "VENDOR_NAME_PODIGEE",
  "VENDOR_ID_PODIGEE",
  "VENDOR_NAME_GIPHY",
  "VENDOR_ID_GIPHY",
  "VENDOR_NAME_BITMOVIN_ANALYTICS",
  "VENDOR_ID_BITMOVIN_ANALYTICS",
  "VENDOR_NAME_GOOGLE_ANALYTICS",
  "VENDOR_ID_GOOGLE_ANALYTICS",
  "VENDOR_NAME_FLOURISH",
  "VENDOR_ID_FLOURISH",
  "VENDOR_NAME_MAPCREATOR",
  "VENDOR_ID_MAPCREATOR",
  "VENDOR_NAME_SPEEDCURVE",
  "VENDOR_ID_SPEEDCURVE",
  "PURPOSE_NAME_SOCIAL",
  "PURPOSE_ID_SOCIAL",
  "PURPOSE_TYPE_CONSENT",
  "PURPOSE_TYPE_LEGITIMATE_INTEREST",
  "PUR_SESSION_STORAGE_KEY",
  "configureGrants",
  "configureVendorPurposeMapping",
  "vendorHasGrant",
  "vendorHasPurpose",
  "getGrantedVendors",
  "getGrantedVendorsPUR",
  "clearVendorsPURStorage",
  "setGrantedVendorsPUR",
  "getPurposesForVendor",
  "getVendorIdsForPurpose",
  "dumpPurposeRelations",
  "loadVendorPurposeMapping",
  "createCallback",
  "onPrivacyManagerAction",
  "onMessageReady",
  "onConsentReady",
  "onPMCancel",
  "onMessageChoiceSelect",
  "onMessageChoiceError",
  "getIABStubScript",
  "getClientLibraryUrl",
  "customConsentsAreEqual",
  "hasCustomConsent",
  "hasCustomConsentById",
  "customVendorHasConsent",
  "customPurposeHasConsent",
  "loadPrivacyManagerModal",
  "createConfig",
  "getCustomVendorConsents",
  "postCustomConsent",
  "getRemovedCustomConsents",
]
`;
